Component: ARM Compiler 6.16 Tool: armlink [5dfeaa00]

==============================================================================

Section Cross References

    i2c.o(.text) refers to i2c.o(.bss.error) for [Anonymous Symbol]
    i2c.o(.text) refers to i2c.o(.bss.dummy) for dummy
    i2c.o(.ARM.exidx) refers to i2c.o(.text) for [Anonymous Symbol]
    lcd1602.o(.text) refers to i2c.o(.text) for I2C_Init
    lcd1602.o(.text) refers to lcd1602.o(.bss.pcf_address) for [Anonymous Symbol]
    lcd1602.o(.text) refers to aeabi_sdivfast.o(.text_divfast) for __aeabi_idiv
    lcd1602.o(.text) refers to lcd1602.o(.data.lcd_backlight) for [Anonymous Symbol]
    lcd1602.o(.text) refers to lcd1602.o(.data.PL_CH_a_) for PL_CH_a_
    lcd1602.o(.text) refers to lcd1602.o(.data.PL_CH_c_) for PL_CH_c_
    lcd1602.o(.text) refers to lcd1602.o(.data.PL_CH_e_) for PL_CH_e_
    lcd1602.o(.text) refers to lcd1602.o(.data.PL_CH_l_) for PL_CH_l_
    lcd1602.o(.text) refers to lcd1602.o(.data.PL_CH_n_) for PL_CH_n_
    lcd1602.o(.text) refers to lcd1602.o(.data.PL_CH_o_) for PL_CH_o_
    lcd1602.o(.text) refers to lcd1602.o(.data.PL_CH_s_) for PL_CH_s_
    lcd1602.o(.text) refers to lcd1602.o(.data.PL_CH_z_) for PL_CH_z_
    lcd1602.o(.ARM.exidx) refers to lcd1602.o(.text) for [Anonymous Symbol]
    main.o(.text) refers (Special) to _printf_f.o(.ARM.Collect$$_printf_percent$$00000003) for _printf_f
    main.o(.text) refers (Special) to printf1.o(x$fpl$printf1) for _printf_fp_dec
    main.o(.text) refers (Special) to _printf_percent.o(.ARM.Collect$$_printf_percent$$00000000) for _printf_percent
    main.o(.text) refers (Special) to _printf_pad.o(.text) for _printf_pre_padding
    main.o(.text) refers to aeabi_sdivfast.o(.text_divfast) for __aeabi_idiv
    main.o(.text) refers to dac.o(.text) for DAC_Load_Trig
    main.o(.text) refers to main.o(.bss.delay_count) for delay_count
    main.o(.text) refers to main.o(.bss.beepOn) for beepOn
    main.o(.text) refers to main.o(.bss.faza) for faza
    main.o(.text) refers to main.o(.bss.Sinus) for Sinus
    main.o(.text) refers to main.o(.bss.dac) for dac
    main.o(.text) refers to main.o(.bss.mod) for mod
    main.o(.text) refers to lcd1602.o(.text) for LCD1602_ClearLine
    main.o(.text) refers to f2d.o(.text) for __aeabi_f2d
    main.o(.text) refers to noretval__2sprintf.o(.text) for __2sprintf
    main.o(.text) refers to main.o(.data.DISTANCE_THRESHOLD_CM) for DISTANCE_THRESHOLD_CM
    main.o(.text) refers to fflti.o(.text) for __aeabi_ui2f
    main.o(.text) refers to main.o(.bss.wynik) for wynik
    main.o(.text) refers to main.o(.bss.d) for d
    main.o(.text) refers to main.o(.bss.tpm1InterruptFlag) for tpm1InterruptFlag
    main.o(.text) refers to fcmp.o(i._fleq) for __aeabi_fcmple
    main.o(.text) refers to fdiv.o(.text) for __aeabi_fdiv
    main.o(.text) refers to fmul.o(x$fpl$fmul) for __aeabi_fmul
    main.o(.text) refers to ddiv.o(.text) for __aeabi_ddiv
    main.o(.text) refers to main.o(.bss.distance) for distance
    main.o(.text) refers to main.o(.bss.unit) for unit
    main.o(.text) refers to main.o(.bss.unitSelected) for unitSelected
    main.o(.text) refers to main.o(.bss.inMenu) for inMenu
    main.o(.text) refers to main.o(.bss.S1_press) for S1_press
    main.o(.text) refers to main.o(.bss.S2_press) for S2_press
    main.o(.text) refers to main.o(.bss.S3_press) for S3_press
    main.o(.text) refers to main.o(.bss.S4_press) for S4_press
    main.o(.text) refers to dflti.o(.text) for __aeabi_ui2d
    main.o(.text) refers to d2f.o(.text) for __aeabi_d2f
    main.o(.text) refers to tpm.o(.text) for InCap_OutComp_Init
    main.o(.text) refers to klaw.o(.text) for Klaw_Init
    main.o(.text) refers to tsi.o(.text) for TSI_Init
    main.o(.text) refers to daddsub.o(.text) for __aeabi_dadd
    main.o(.text) refers to dmul.o(.text) for __aeabi_dmul
    main.o(.text) refers to sin.o(i.sin) for sin
    main.o(.text) refers to dfixi.o(.text) for __aeabi_d2iz
    main.o(.text) refers to fcmp.o(i._fls) for __aeabi_fcmplt
    main.o(.text) refers to fcmp.o(i._feq) for __aeabi_fcmpeq
    main.o(.text) refers to main.o(.rodata.cst32) for [Anonymous Symbol]
    main.o(.text) refers to system_mkl05z4.o(.data.SystemCoreClock) for SystemCoreClock
    main.o(.text) refers to main.o(.bss.tick_head) for tick_head
    main.o(.text) refers to main.o(.bss.tick) for tick
    main.o(.ARM.exidx) refers (Special) to _printf_f.o(.ARM.Collect$$_printf_percent$$00000003) for _printf_f
    main.o(.ARM.exidx) refers (Special) to printf1.o(x$fpl$printf1) for _printf_fp_dec
    main.o(.ARM.exidx) refers (Special) to _printf_percent.o(.ARM.Collect$$_printf_percent$$00000000) for _printf_percent
    main.o(.ARM.exidx) refers (Special) to _printf_pad.o(.text) for _printf_pre_padding
    main.o(.ARM.exidx) refers to main.o(.text) for [Anonymous Symbol]
    main.o(.bss.S1_press) refers (Special) to _printf_f.o(.ARM.Collect$$_printf_percent$$00000003) for _printf_f
[...]
    ../fplib/cfplib/ffix.c                   0x00000000   Number         0  dfixi.o ABSOLUTE
    ../fplib/cfplib/fflt.c                   0x00000000   Number         0  dflti.o ABSOLUTE
    ../fplib/cfplib/fflt.c                   0x00000000   Number         0  fflti.o ABSOLUTE
    ../fplib/cfplib/fpinit.c                 0x00000000   Number         0  fpinit.o ABSOLUTE
    ../fplib/cfplib/ieee_status.c            0x00000000   Number         0  ieee_status.o ABSOLUTE
    ../fplib/cfplib/nan2.c                   0x00000000   Number         0  fnan2.o ABSOLUTE
    ../fplib/cfplib/retnan.c                 0x00000000   Number         0  retnan.o ABSOLUTE
    ../fplib/cfplib/scalbn.c                 0x00000000   Number         0  dscalbn.o ABSOLUTE
    ../fplib/feqf6m.s                        0x00000000   Number         0  feqf.o ABSOLUTE
    ../fplib/fgeqf6m.s                       0x00000000   Number         0  fgef.o ABSOLUTE
    ../fplib/fleqf6m.s                       0x00000000   Number         0  flef.o ABSOLUTE
    ../fplib/fmul6m.s                        0x00000000   Number         0  fmul.o ABSOLUTE
    ../fplib/printf1.s                       0x00000000   Number         0  printf1.o ABSOLUTE
    ../fplib/usenofp.s                       0x00000000   Number         0  usenofp.o ABSOLUTE
    ../mathlib/cos_i.c                       0x00000000   Number         0  cos_i.o ABSOLUTE
    ../mathlib/dunder.c                      0x00000000   Number         0  dunder.o ABSOLUTE
    ../mathlib/fpclassify.c                  0x00000000   Number         0  fpclassify.o ABSOLUTE
    ../mathlib/poly.c                        0x00000000   Number         0  poly.o ABSOLUTE
    ../mathlib/rred.c                        0x00000000   Number         0  rred.o ABSOLUTE
    ../mathlib/sin.c                         0x00000000   Number         0  sin.o ABSOLUTE
    ../mathlib/sin_i.c                       0x00000000   Number         0  sin_i.o ABSOLUTE
    DAC.c                                    0x00000000   Number         0  dac.o ABSOLUTE
    RTE/Device/MKL05Z32xxx4/startup_MKL05Z4.s 0x00000000   Number         0  startup_mkl05z4.o ABSOLUTE
    TPM.c                                    0x00000000   Number         0  tpm.o ABSOLUTE
    dc.s                                     0x00000000   Number         0  dc.o ABSOLUTE
    i2c.c                                    0x00000000   Number         0  i2c.o ABSOLUTE
    klaw.c                                   0x00000000   Number         0  klaw.o ABSOLUTE
    lcd1602.c                                0x00000000   Number         0  lcd1602.o ABSOLUTE
    main.c                                   0x00000000   Number         0  main.o ABSOLUTE
    system_MKL05Z4.c                         0x00000000   Number         0  system_mkl05z4.o ABSOLUTE
    tsi.c                                    0x00000000   Number         0  tsi.o ABSOLUTE
    RESET                                    0x00000000   Section      192  startup_mkl05z4.o(RESET)
    !!!main                                  0x000000c0   Section        8  __main.o(!!!main)
    !!!scatter                               0x000000c8   Section       60  __scatter.o(!!!scatter)
    !!handler_copy                           0x00000104   Section       26  __scatter_copy.o(!!handler_copy)
    !!handler_zi                             0x00000120   Section       28  __scatter_zi.o(!!handler_zi)
    .ARM.Collect$$_printf_percent$$00000000  0x0000013c   Section        2  _printf_percent.o(.ARM.Collect$$_printf_percent$$00000000)
    .ARM.Collect$$_printf_percent$$00000003  0x0000013e   Section       10  _printf_f.o(.ARM.Collect$$_printf_percent$$00000003)
    .ARM.Collect$$_printf_percent$$00000017  0x00000148   Section        4  _printf_percent_end.o(.ARM.Collect$$_printf_percent$$00000017)
    .ARM.Collect$$libinit$$00000000          0x0000014c   Section        2  libinit.o(.ARM.Collect$$libinit$$00000000)
    .ARM.Collect$$libinit$$00000002          0x0000014e   Section        0  libinit2.o(.ARM.Collect$$libinit$$00000002)
    .ARM.Collect$$libinit$$00000004          0x0000014e   Section        0  libinit2.o(.ARM.Collect$$libinit$$00000004)
    .ARM.Collect$$libinit$$0000000A          0x0000014e   Section        0  libinit2.o(.ARM.Collect$$libinit$$0000000A)
    .ARM.Collect$$libinit$$0000000C          0x0000014e   Section        0  libinit2.o(.ARM.Collect$$libinit$$0000000C)
    .ARM.Collect$$libinit$$0000000E          0x0000014e   Section        0  libinit2.o(.ARM.Collect$$libinit$$0000000E)
    .ARM.Collect$$libinit$$0000000F          0x0000014e   Section        6  libinit2.o(.ARM.Collect$$libinit$$0000000F)
    .ARM.Collect$$libinit$$00000011          0x00000154   Section        0  libinit2.o(.ARM.Collect$$libinit$$00000011)
    .ARM.Collect$$libinit$$00000013          0x00000154   Section        0  libinit2.o(.ARM.Collect$$libinit$$00000013)
    .ARM.Collect$$libinit$$00000015          0x00000154   Section        0  libinit2.o(.ARM.Collect$$libinit$$00000015)
    .ARM.Collect$$libinit$$00000016          0x00000154   Section       10  libinit2.o(.ARM.Collect$$libinit$$00000016)
    .ARM.Collect$$libinit$$00000017          0x0000015e   Section        0  libinit2.o(.ARM.Collect$$libinit$$00000017)
    .ARM.Collect$$libinit$$00000019          0x0000015e   Section        0  libinit2.o(.ARM.Collect$$libinit$$00000019)
    .ARM.Collect$$libinit$$0000001B          0x0000015e   Section        0  libinit2.o(.ARM.Collect$$libinit$$0000001B)
    .ARM.Collect$$libinit$$0000001D          0x0000015e   Section        0  libinit2.o(.ARM.Collect$$libinit$$0000001D)
    .ARM.Collect$$libinit$$0000001F          0x0000015e   Section        0  libinit2.o(.ARM.Collect$$libinit$$0000001F)
    .ARM.Collect$$libinit$$00000021          0x0000015e   Section        0  libinit2.o(.ARM.Collect$$libinit$$00000021)
    .ARM.Collect$$libinit$$00000023          0x0000015e   Section        0  libinit2.o(.ARM.Collect$$libinit$$00000023)
    .ARM.Collect$$libinit$$00000025          0x0000015e   Section        0  libinit2.o(.ARM.Collect$$libinit$$00000025)
    .ARM.Collect$$libinit$$0000002C          0x0000015e   Section        0  libinit2.o(.ARM.Collect$$libinit$$0000002C)
    .ARM.Collect$$libinit$$0000002E          0x0000015e   Section        0  libinit2.o(.ARM.Collect$$libinit$$0000002E)
    .ARM.Collect$$libinit$$00000030          0x0000015e   Section        0  libinit2.o(.ARM.Collect$$libinit$$00000030)
    .ARM.Collect$$libinit$$00000032          0x0000015e   Section        0  libinit2.o(.ARM.Collect$$libinit$$00000032)
    .ARM.Collect$$libinit$$00000033          0x0000015e   Section        2  libinit2.o(.ARM.Collect$$libinit$$00000033)
    .ARM.Collect$$libshutdown$$00000000      0x00000160   Section        2  libshutdown.o(.ARM.Collect$$libshutdown$$00000000)
    .ARM.Collect$$libshutdown$$00000002      0x00000162   Section        0  libshutdown2.o(.ARM.Collect$$libshutdown$$00000002)
    .ARM.Collect$$libshutdown$$00000004      0x00000162   Section        0  libshutdown2.o(.ARM.Collect$$libshutdown$$00000004)
    .ARM.Collect$$libshutdown$$00000007      0x00000162   Section        0  libshutdown2.o(.ARM.Collect$$libshutdown$$00000007)
    .ARM.Collect$$libshutdown$$0000000A      0x00000162   Section        0  libshutdown2.o(.ARM.Collect$$libshutdown$$0000000A)
    .ARM.Collect$$libshutdown$$0000000C      0x00000162   Section        0  libshutdown2.o(.ARM.Collect$$libshutdown$$0000000C)
    .ARM.Collect$$libshutdown$$0000000F      0x00000162   Section        0  libshutdown2.o(.ARM.Collect$$libshutdown$$0000000F)
    .ARM.Collect$$libshutdown$$00000010      0x00000162   Section        2  libshutdown2.o(.ARM.Collect$$libshutdown$$00000010)
    .ARM.Collect$$rtentry$$00000000          0x00000164   Section        0  __rtentry.o(.ARM.Collect$$rtentry$$00000000)
    .ARM.Collect$$rtentry$$00000002          0x00000164   Section        0  __rtentry2.o(.ARM.Collect$$rtentry$$00000002)
    .ARM.Collect$$rtentry$$00000004          0x00000164   Section        6  __rtentry4.o(.ARM.Collect$$rtentry$$00000004)
    .ARM.Collect$$rtentry$$00000009          0x0000016a   Section        0  __rtentry2.o(.ARM.Collect$$rtentry$$00000009)
    .ARM.Collect$$rtentry$$0000000A          0x0000016a   Section        4  __rtentry2.o(.ARM.Collect$$rtentry$$0000000A)
    .ARM.Collect$$rtentry$$0000000C          0x0000016e   Section        0  __rtentry2.o(.ARM.Collect$$rtentry$$0000000C)
    .ARM.Collect$$rtentry$$0000000D          0x0000016e   Section        8  __rtentry2.o(.ARM.Collect$$rtentry$$0000000D)
    .ARM.Collect$$rtexit$$00000000           0x00000176   Section        2  rtexit.o(.ARM.Collect$$rtexit$$00000000)
    .ARM.Collect$$rtexit$$00000002           0x00000178   Section        0  rtexit2.o(.ARM.Collect$$rtexit$$00000002)
    .ARM.Collect$$rtexit$$00000003           0x00000178   Section        4  rtexit2.o(.ARM.Collect$$rtexit$$00000003)
    .ARM.Collect$$rtexit$$00000004           0x0000017c   Section        6  rtexit2.o(.ARM.Collect$$rtexit$$00000004)
    [Anonymous Symbol]                       0x00000184   Section        0  tpm.o(.text)
    __arm_cp.0_0                             0x00000238   Number         4  tpm.o(.text)
    __arm_cp.0_1                             0x0000023c   Number         4  tpm.o(.text)
    __arm_cp.0_2                             0x00000240   Number         4  tpm.o(.text)
    __arm_cp.0_3                             0x00000244   Number         4  tpm.o(.text)
    __arm_cp.0_4                             0x00000248   Number         4  tpm.o(.text)
    __NVIC_ClearPendingIRQ                   0x0000024d   Thumb Code    12  tpm.o(.text)
    __arm_cp.1_0                             0x00000258   Number         4  tpm.o(.text)
    __NVIC_EnableIRQ                         0x0000025d   Thumb Code    12  tpm.o(.text)
    [Anonymous Symbol]                       0x00000268   Section        0  klaw.o(.text)
    __arm_cp.0_0                             0x000002ac   Number         4  klaw.o(.text)
    __arm_cp.0_1                             0x000002b0   Number         4  klaw.o(.text)
    __arm_cp.1_0                             0x000002e4   Number         4  klaw.o(.text)
    __NVIC_SetPriority                       0x000002e9   Thumb Code    20  klaw.o(.text)
    __arm_cp.2_0                             0x000002fc   Number         4  klaw.o(.text)
    __NVIC_ClearPendingIRQ                   0x00000301   Thumb Code    12  klaw.o(.text)
    __arm_cp.3_0                             0x0000030c   Number         4  klaw.o(.text)
    __NVIC_EnableIRQ                         0x00000311   Thumb Code    12  klaw.o(.text)
    __arm_cp.4_0                             0x0000031c   Number         4  klaw.o(.text)
    [Anonymous Symbol]                       0x00000320   Section        0  dac.o(.text)
    __arm_cp.0_0                             0x00000348   Number         4  dac.o(.text)
    __arm_cp.0_1                             0x0000034c   Number         4  dac.o(.text)
    __arm_cp.1_0                             0x0000037c   Number         4  dac.o(.text)
    __arm_cp.1_1                             0x00000380   Number         4  dac.o(.text)
    .text                                    0x00000384   Section       52  startup_mkl05z4.o(.text)
    .text                                    0x000003b8   Section        0  noretval__2sprintf.o(.text)
    .text                                    0x000003e0   Section        0  heapauxi.o(.text)
    .text                                    0x000003e6   Section        0  _rserrno.o(.text)
    .text                                    0x000003fc   Section        2  use_no_semi.o(.text)
    elec_array                               0x000003fe   Data           2  tsi.o(.rodata.elec_array)
    [Anonymous Symbol]                       0x000003fe   Section        0  tsi.o(.rodata.elec_array)
    .text                                    0x000003fe   Section        0  indicate_semi.o(.text)
    x$fpl$usenofp                            0x000003fe   Section        0  usenofp.o(x$fpl$usenofp)
    .ARM.__at_0x400                          0x00000400   Section       16  startup_mkl05z4.o(.ARM.__at_0x400)
    [Anonymous Symbol]                       0x00000410   Section        0  i2c.o(.text)
    __arm_cp.0_0                             0x00000450   Number         4  i2c.o(.text)
    __arm_cp.0_1                             0x00000454   Number         4  i2c.o(.text)
    __arm_cp.0_2                             0x00000458   Number         4  i2c.o(.text)
    __arm_cp.1_0                             0x0000048c   Number         4  i2c.o(.text)
    __arm_cp.2_0                             0x0000049c   Number         4  i2c.o(.text)
    __arm_cp.3_0                             0x000004ac   Number         4  i2c.o(.text)
    __arm_cp.4_0                             0x000004bc   Number         4  i2c.o(.text)
    __arm_cp.5_0                             0x000004c8   Number         4  i2c.o(.text)
    __arm_cp.6_0                             0x0000051c   Number         4  i2c.o(.text)
    __arm_cp.6_1                             0x00000520   Number         4  i2c.o(.text)
    __arm_cp.6_2                             0x00000524   Number         4  i2c.o(.text)
    __arm_cp.7_0                             0x00000534   Number         4  i2c.o(.text)
    __arm_cp.8_0                             0x00000544   Number         4  i2c.o(.text)
    __arm_cp.9_0                             0x00000584   Number         4  i2c.o(.text)
    __arm_cp.10_0                            0x000005d4   Number         4  i2c.o(.text)
    __arm_cp.10_1                            0x000005d8   Number         4  i2c.o(.text)
    __arm_cp.11_0                            0x000005e8   Number         4  i2c.o(.text)
    __arm_cp.12_0                            0x000005f8   Number         4  i2c.o(.text)
    __arm_cp.13_0                            0x00000604   Number         4  i2c.o(.text)
    __arm_cp.14_0                            0x00000654   Number         4  i2c.o(.text)
    __arm_cp.15_0                            0x000006c8   Number         4  i2c.o(.text)
    __arm_cp.15_1                            0x000006cc   Number         4  i2c.o(.text)
    __arm_cp.16_0                            0x000006dc   Number         4  i2c.o(.text)
    __arm_cp.17_0                            0x000006f4   Number         4  i2c.o(.text)
    __arm_cp.18_0                            0x000007a0   Number         4  i2c.o(.text)
    __arm_cp.18_1                            0x000007a4   Number         4  i2c.o(.text)
    __arm_cp.19_0                            0x000007b4   Number         4  i2c.o(.text)
    [Anonymous Symbol]                       0x000007b8   Section        0  lcd1602.o(.text)
    __arm_cp.0_0                             0x00000800   Number         4  lcd1602.o(.text)
    __arm_cp.1_0                             0x0000082c   Number         4  lcd1602.o(.text)
    __arm_cp.12_0                            0x000009b0   Number         4  lcd1602.o(.text)
    __arm_cp.13_0                            0x000009d8   Number         4  lcd1602.o(.text)
    __arm_cp.13_1                            0x000009dc   Number         4  lcd1602.o(.text)
    __arm_cp.15_0                            0x00000ac4   Number         4  lcd1602.o(.text)
    __arm_cp.15_1                            0x00000ac8   Number         4  lcd1602.o(.text)
    __arm_cp.16_0                            0x00000b70   Number         4  lcd1602.o(.text)
    __arm_cp.16_1                            0x00000b74   Number         4  lcd1602.o(.text)
    __arm_cp.16_2                            0x00000b78   Number         4  lcd1602.o(.text)
    __arm_cp.16_3                            0x00000b7c   Number         4  lcd1602.o(.text)
    __arm_cp.16_4                            0x00000b80   Number         4  lcd1602.o(.text)
    __arm_cp.16_5                            0x00000b84   Number         4  lcd1602.o(.text)
    __arm_cp.16_6                            0x00000b88   Number         4  lcd1602.o(.text)
    __arm_cp.16_7                            0x00000b8c   Number         4  lcd1602.o(.text)
    [Anonymous Symbol]                       0x00000c18   Section        0  main.o(.text)
    __arm_cp.0_0                             0x00000c64   Number         4  main.o(.text)
    __arm_cp.0_1                             0x00000c68   Number         4  main.o(.text)
    __arm_cp.0_2                             0x00000c6c   Number         4  main.o(.text)
    __arm_cp.0_3                             0x00000c70   Number         4  main.o(.text)
    __arm_cp.0_4                             0x00000c74   Number         4  main.o(.text)
    __arm_cp.0_5                             0x00000c78   Number         4  main.o(.text)
    __arm_cp.0_6                             0x00000c7c   Number         4  main.o(.text)
    __arm_cp.1_0                             0x00000c8c   Number         4  main.o(.text)
    __arm_cp.2_0                             0x00000cc4   Number         4  main.o(.text)
    __arm_cp.3_0                             0x00000d3c   Number         4  main.o(.text)
    __arm_cp.3_1                             0x00000d40   Number         4  main.o(.text)
    __arm_cp.3_2                             0x00000d44   Number         4  main.o(.text)
    __arm_cp.3_3                             0x00000d48   Number         4  main.o(.text)
    __arm_cp.3_4                             0x00000d4c   Number         4  main.o(.text)
    __arm_cp.4_0                             0x00000e00   Number         4  main.o(.text)
    __arm_cp.4_1                             0x00000e04   Number         4  main.o(.text)
    __arm_cp.4_2                             0x00000e08   Number         4  main.o(.text)
    __arm_cp.4_3                             0x00000e0c   Number         4  main.o(.text)
    __arm_cp.4_4                             0x00000e10   Number         4  main.o(.text)
    __arm_cp.4_6                             0x00000e24   Number         4  main.o(.text)
    __arm_cp.4_9                             0x00000e48   Number         4  main.o(.text)
    __arm_cp.4_11                            0x00000e5c   Number         4  main.o(.text)
    __arm_cp.4_12                            0x00000e60   Number         4  main.o(.text)
    __arm_cp.4_13                            0x00000e64   Number         4  main.o(.text)
    __arm_cp.5_4                             0x00000f60   Number         4  main.o(.text)
    __arm_cp.5_5                             0x00000f64   Number         4  main.o(.text)
    __arm_cp.5_6                             0x00000f68   Number         4  main.o(.text)
    __arm_cp.5_7                             0x00000f6c   Number         4  main.o(.text)
    __arm_cp.5_8                             0x00000f70   Number         4  main.o(.text)
    __arm_cp.5_9                             0x00000f74   Number         4  main.o(.text)
    __arm_cp.5_10                            0x00000f78   Number         4  main.o(.text)
    __arm_cp.6_0                             0x00001044   Number         4  main.o(.text)
    __arm_cp.6_1                             0x00001048   Number         4  main.o(.text)
    __arm_cp.6_2                             0x0000104c   Number         4  main.o(.text)
    __arm_cp.6_3                             0x00001050   Number         4  main.o(.text)
    __arm_cp.6_4                             0x00001054   Number         4  main.o(.text)
    __arm_cp.6_5                             0x00001058   Number         4  main.o(.text)
    __arm_cp.6_6                             0x0000105c   Number         4  main.o(.text)
    __arm_cp.6_7                             0x00001060   Number         4  main.o(.text)
    __NVIC_ClearPendingIRQ                   0x00001065   Thumb Code    12  main.o(.text)
    __arm_cp.7_0                             0x00001070   Number         4  main.o(.text)
    __arm_cp.8_0                             0x000010d0   Number         4  main.o(.text)
    __arm_cp.8_1                             0x000010d4   Number         4  main.o(.text)
    __arm_cp.8_2                             0x000010d8   Number         4  main.o(.text)
    __arm_cp.9_0                             0x00001238   Number         4  main.o(.text)
    __arm_cp.9_1                             0x0000123c   Number         4  main.o(.text)
    __arm_cp.9_2                             0x00001240   Number         4  main.o(.text)
    __arm_cp.9_3                             0x00001244   Number         4  main.o(.text)
    __arm_cp.9_4                             0x00001248   Number         4  main.o(.text)
    __arm_cp.9_5                             0x0000124c   Number         4  main.o(.text)
    __arm_cp.9_6                             0x00001250   Number         4  main.o(.text)
    __arm_cp.9_7                             0x00001254   Number         4  main.o(.text)
    __arm_cp.9_8                             0x00001258   Number         4  main.o(.text)
    __arm_cp.9_9                             0x0000125c   Number         4  main.o(.text)
    __arm_cp.9_10                            0x00001260   Number         4  main.o(.text)
    __arm_cp.9_11                            0x00001264   Number         4  main.o(.text)
    __arm_cp.9_12                            0x00001268   Number         4  main.o(.text)
    __arm_cp.9_13                            0x0000126c   Number         4  main.o(.text)
    __arm_cp.9_14                            0x00001270   Number         4  main.o(.text)
    __arm_cp.9_15                            0x00001274   Number         4  main.o(.text)
    __arm_cp.9_16                            0x00001278   Number         4  main.o(.text)
    __arm_cp.9_17                            0x0000127c   Number         4  main.o(.text)
    __arm_cp.9_18                            0x00001280   Number         4  main.o(.text)
    __arm_cp.9_19                            0x00001284   Number         4  main.o(.text)
    __arm_cp.9_20                            0x00001288   Number         4  main.o(.text)
    SysTick_Config                           0x0000128d   Thumb Code    28  main.o(.text)
    __arm_cp.10_0                            0x000012a8   Number         4  main.o(.text)
    __NVIC_SetPriority                       0x000012ad   Thumb Code    20  main.o(.text)
    __arm_cp.11_0                            0x000012c0   Number         4  main.o(.text)
    [Anonymous Symbol]                       0x000012c4   Section        0  tsi.o(.text)
    __arm_cp.0_0                             0x00001300   Number         4  tsi.o(.text)
    __arm_cp.0_1                             0x00001304   Number         4  tsi.o(.text)
    __arm_cp.0_2                             0x00001308   Number         4  tsi.o(.text)
    __arm_cp.0_3                             0x0000130c   Number         4  tsi.o(.text)
    __arm_cp.0_4                             0x00001310   Number         4  tsi.o(.text)
    __NVIC_SetPriority                       0x00001315   Thumb Code    20  tsi.o(.text)
    __arm_cp.1_0                             0x00001328   Number         4  tsi.o(.text)
    __NVIC_ClearPendingIRQ                   0x0000132d   Thumb Code    12  tsi.o(.text)
    __arm_cp.2_0                             0x00001338   Number         4  tsi.o(.text)
    __NVIC_EnableIRQ                         0x0000133d   Thumb Code    12  tsi.o(.text)
    __arm_cp.3_0                             0x00001348   Number         4  tsi.o(.text)
    __arm_cp.4_0                             0x000013e4   Number         4  tsi.o(.text)
    __arm_cp.4_1                             0x000013e8   Number         4  tsi.o(.text)
    __arm_cp.4_2                             0x000013ec   Number         4  tsi.o(.text)
    __arm_cp.5_0                             0x00001444   Number         4  tsi.o(.text)
    __arm_cp.5_1                             0x00001448   Number         4  tsi.o(.text)
    __arm_cp.6_0                             0x00001498   Number         4  tsi.o(.text)
    __arm_cp.6_1                             0x0000149c   Number         4  tsi.o(.text)
    __arm_cp.6_2                             0x000014a0   Number         4  tsi.o(.text)
    __arm_cp.6_3                             0x000014a4   Number         4  tsi.o(.text)
    __arm_cp.6_4                             0x000014a8   Number         4  tsi.o(.text)
    __arm_cp.6_5                             0x000014ac   Number         4  tsi.o(.text)
    __arm_cp.7_0                             0x000014c4   Number         4  tsi.o(.text)
    [Anonymous Symbol]                       0x000014c8   Section        0  system_mkl05z4.o(.text)
    __arm_cp.0_0                             0x00001504   Number         4  system_mkl05z4.o(.text)
    __arm_cp.0_1                             0x00001508   Number         4  system_mkl05z4.o(.text)
    __arm_cp.0_2                             0x0000150c   Number         4  system_mkl05z4.o(.text)
    __arm_cp.0_3                             0x00001510   Number         4  system_mkl05z4.o(.text)
    __arm_cp.1_0                             0x000015b4   Number         4  system_mkl05z4.o(.text)
    __arm_cp.1_1                             0x000015b8   Number         4  system_mkl05z4.o(.text)
    __arm_cp.1_2                             0x000015bc   Number         4  system_mkl05z4.o(.text)
    __arm_cp.1_3                             0x000015c0   Number         4  system_mkl05z4.o(.text)
    __arm_cp.1_4                             0x000015c4   Number         4  system_mkl05z4.o(.text)
    __arm_cp.1_5                             0x000015c8   Number         4  system_mkl05z4.o(.text)
    .text                                    0x000015cc   Section        0  _printf_pad.o(.text)
    .text                                    0x0000161a   Section        0  __printf_wp.o(.text)
    .text                                    0x00001728   Section      504  aeabi_sdivfast.o(.text)
    .text                                    0x00001920   Section        0  d2f.o(.text)
    _dadd1                                   0x0000199d   Thumb Code   290  daddsub.o(.text)
    .text                                    0x0000199c   Section        0  daddsub.o(.text)
    _dsub1                                   0x00001abf   Thumb Code   470  daddsub.o(.text)
    .text                                    0x00001cf4   Section        0  ddiv.o(.text)
    .text                                    0x0000213c   Section        0  dfixi.o(.text)
    .text                                    0x000021a8   Section        0  dflti.o(.text)
    .text                                    0x00002200   Section        0  dmul.o(.text)
    .text                                    0x00002448   Section        0  f2d.o(.text)
    .text                                    0x0000249c   Section        0  fdiv.o(.text)
    .text                                    0x000025fc   Section        0  fflti.o(.text)
    _fp_digits                               0x0000265d   Thumb Code   412  _printf_fp_dec.o(.text)
    .text                                    0x0000265c   Section        0  _printf_fp_dec.o(.text)
    _printf_input_char                       0x00002a71   Thumb Code    10  _printf_char_common.o(.text)
    .text                                    0x00002a70   Section        0  _printf_char_common.o(.text)
    .text                                    0x00002aa0   Section        0  _sputc.o(.text)
    .text                                    0x00002aac   Section        8  rt_locale_intlibspace.o(.text)
    .text                                    0x00002ab4   Section        8  rt_errno_addr_intlibspace.o(.text)
    .text                                    0x00002abc   Section        0  lludiv10.o(.text)
    .text                                    0x00002b38   Section        0  _printf_fp_infnan.o(.text)
    .text                                    0x00002bc0   Section        0  bigflt0.o(.text)
    .text                                    0x00002c98   Section        0  btod.o(.text)
    btod_internal_mul                        0x00002cd9   Thumb Code   492  btod.o(.text)
    btod_internal_div                        0x00002ec5   Thumb Code   520  btod.o(.text)
    .text                                    0x00003218   Section        0  rtudiv10.o(.text)
    .text                                    0x00003240   Section        0  dscalbn.o(.text)
    .text                                    0x000032a0   Section        0  fcmpin.o(.text)
    .text                                    0x00003304   Section        8  libspace.o(.text)
    .text                                    0x0000330c   Section       62  sys_stackheap_outer.o(.text)
    .text                                    0x0000334a   Section        0  exit.o(.text)
    .text                                    0x0000335c   Section      176  strcmpv6m.o(.text)
    .text                                    0x0000340c   Section        0  cmpret.o(.text)
    .text                                    0x0000343c   Section        0  fnan2.o(.text)
    .text                                    0x0000344c   Section        0  retnan.o(.text)
    .text                                    0x000034ac   Section        0  sys_exit.o(.text)
    .text_divfast                            0x000034b8   Section      502  aeabi_sdivfast.o(.text_divfast)
    i.__ARM_common_ll_muluu                  0x000036ae   Section        0  btod.o(i.__ARM_common_ll_muluu)
    i.__ARM_fpclassify                       0x000036e0   Section        0  fpclassify.o(i.__ARM_fpclassify)
    i.__ieee754_rem_pio2                     0x0000370c   Section        0  rred.o(i.__ieee754_rem_pio2)
    i.__kernel_cos                           0x00003aa8   Section        0  cos_i.o(i.__kernel_cos)
    i.__kernel_poly                          0x00003b9c   Section        0  poly.o(i.__kernel_poly)
    i.__kernel_sin                           0x00003c48   Section        0  sin_i.o(i.__kernel_sin)
    i.__mathlib_dbl_infnan                   0x00003d34   Section        0  dunder.o(i.__mathlib_dbl_infnan)
    i.__mathlib_dbl_invalid                  0x00003d3e   Section        0  dunder.o(i.__mathlib_dbl_invalid)
    i.__mathlib_dbl_underflow                0x00003d50   Section        0  dunder.o(i.__mathlib_dbl_underflow)
    i._feq                                   0x00003d64   Section        0  fcmp.o(i._feq)
    i._fleq                                  0x00003d7a   Section        0  fcmp.o(i._fleq)
    i._fls                                   0x00003d94   Section        0  fcmp.o(i._fls)
    i._is_digit                              0x00003daa   Section        0  __printf_wp.o(i._is_digit)
    i.sin                                    0x00003db8   Section        0  sin.o(i.sin)
    locale$$code                             0x00003e54   Section       44  lc_numeric_c.o(locale$$code)
    x$fpl$feqf                               0x00003e80   Section       84  feqf.o(x$fpl$feqf)
    x$fpl$fleqf                              0x00003ed4   Section       84  flef.o(x$fpl$fleqf)
    x$fpl$fmul                               0x00003f28   Section      176  fmul.o(x$fpl$fmul)
    x$fpl$printf1                            0x00003fd8   Section       16  printf1.o(x$fpl$printf1)
    ddiv_reciptbl                            0x00003fe8   Data         128  ddiv.o(.constdata)
    .constdata                               0x00003fe8   Section      128  ddiv.o(.constdata)
    fdiv_tab                                 0x00004068   Data          64  fdiv.o(.constdata)
    .constdata                               0x00004068   Section       64  fdiv.o(.constdata)
    C                                        0x000040a8   Data          48  cos_i.o(.constdata)
    .constdata                               0x000040a8   Section       48  cos_i.o(.constdata)
    pio2s                                    0x000040d8   Data          48  rred.o(.constdata)
    .constdata                               0x000040d8   Section      204  rred.o(.constdata)
    twooverpi                                0x00004108   Data         156  rred.o(.constdata)
    S                                        0x000041a8   Data          40  sin_i.o(.constdata)
    .constdata                               0x000041a8   Section       40  sin_i.o(.constdata)
    tenpwrs_x                                0x000041d0   Data          60  bigflt0.o(.constdata)
    .constdata                               0x000041d0   Section      148  bigflt0.o(.constdata)
    tenpwrs_i                                0x0000420c   Data          64  bigflt0.o(.constdata)
    [Anonymous Symbol]                       0x00004264   Section        0  main.o(.rodata.cst32)
    locale$$data                             0x000042a4   Section       28  lc_numeric_c.o(locale$$data)
    __lcnum_c_name                           0x000042a8   Data           2  lc_numeric_c.o(locale$$data)
    __lcnum_c_start                          0x000042b0   Data           0  lc_numeric_c.o(locale$$data)
    __lcnum_c_point                          0x000042bc   Data           0  lc_numeric_c.o(locale$$data)
    __lcnum_c_thousands                      0x000042be   Data           0  lc_numeric_c.o(locale$$data)
    __lcnum_c_grouping                       0x000042bf   Data           0  lc_numeric_c.o(locale$$data)
    __lcnum_c_end                            0x000042c0   Data           0  lc_numeric_c.o(locale$$data)
    lcd_backlight                            0x1ffffc48   Data           1  lcd1602.o(.data.lcd_backlight)
    [Anonymous Symbol]                       0x1ffffc48   Section        0  lcd1602.o(.data.lcd_backlight)
    .bss                                     0x1ffffc50   Section       96  libspace.o(.bss)
    end_flag                                 0x200004c9   Data           1  tsi.o(.bss.end_flag)
    [Anonymous Symbol]                       0x200004c9   Section        0  tsi.o(.bss.end_flag)
    error                                    0x200004ca   Data           1  i2c.o(.bss.error)
    [Anonymous Symbol]                       0x200004ca   Section        0  i2c.o(.bss.error)
    gu16Baseline                             0x200004ce   Data           4  tsi.o(.bss.gu16Baseline)
    [Anonymous Symbol]                       0x200004ce   Section        0  tsi.o(.bss.gu16Baseline)
    gu16Delta                                0x200004d2   Data           4  tsi.o(.bss.gu16Delta)
    [Anonymous Symbol]                       0x200004d2   Section        0  tsi.o(.bss.gu16Delta)
    ongoing_elec                             0x200004da   Data           1  tsi.o(.bss.ongoing_elec)
    [Anonymous Symbol]                       0x200004da   Section        0  tsi.o(.bss.ongoing_elec)
    pcf_address                              0x200004db   Data           1  lcd1602.o(.bss.pcf_address)
    [Anonymous Symbol]                       0x200004db   Section        0  lcd1602.o(.bss.pcf_address)
    Heap_Mem                                 0x200004f0   Data           0  startup_mkl05z4.o(HEAP)
    Stack_Mem                                0x200004f0   Data         768  startup_mkl05z4.o(STACK)
    HEAP                                     0x200004f0   Section        0  startup_mkl05z4.o(HEAP)
    STACK                                    0x200004f0   Section      768  startup_mkl05z4.o(STACK)
    __initial_sp                             0x200007f0   Data           0  startup_mkl05z4.o(STACK)

    Global Symbols

    Symbol Name                              Value     Ov Type        Size  Object(Section)

    BuildAttributes$$THM_ISAv3M$S$PE$A:L22$X:L11$S22$IEEE1$IW$~IW$USESV6$~STKCKD$USESV7$~SHL$OTIME$ROPI$IEEEX$EBA8$UX$STANDARDLIB$REQ8$PRES8$EABIv2 0x00000000   Number         0  anon$$obj.o ABSOLUTE
    __Vectors                                0x00000000   Data           4  startup_mkl05z4.o(RESET)
    _printf_flags                            0x00000000   Number         0  printf_stubs.o ABSOLUTE
    _printf_return_value                     0x00000000   Number         0  printf_stubs.o ABSOLUTE
    _printf_sizespec                         0x00000000   Number         0  printf_stubs.o ABSOLUTE
    _printf_widthprec                        0x00000000   Number         0  printf_stubs.o ABSOLUTE
    __ARM_exceptions_init                     - Undefined Weak Reference
    __alloca_initialize                       - Undefined Weak Reference
    __arm_preinit_                            - Undefined Weak Reference
    __cpp_initialize__aeabi_                  - Undefined Weak Reference
    __cxa_finalize                            - Undefined Weak Reference
    __sigvec_lookup                           - Undefined Weak Reference
    _atexit_init                              - Undefined Weak Reference
    _call_atexit_fns                          - Undefined Weak Reference
    _clock_init                               - Undefined Weak Reference
    _fp_trap_init                             - Undefined Weak Reference
    _fp_trap_shutdown                         - Undefined Weak Reference
    _get_lc_collate                           - Undefined Weak Reference
    _get_lc_ctype                             - Undefined Weak Reference
    _get_lc_monetary                          - Undefined Weak Reference
    _get_lc_time                              - Undefined Weak Reference
    _getenv_init                              - Undefined Weak Reference
    _handle_redirection                       - Undefined Weak Reference
    _init_alloc                               - Undefined Weak Reference
    _init_user_alloc                          - Undefined Weak Reference
    _initio                                   - Undefined Weak Reference
    _rand_init                                - Undefined Weak Reference
    _signal_finish                            - Undefined Weak Reference
    _signal_init                              - Undefined Weak Reference
    _terminate_alloc                          - Undefined Weak Reference
    _terminate_user_alloc                     - Undefined Weak Reference
    _terminateio                              - Undefined Weak Reference
    __Vectors_End                            0x000000c0   Data           0  startup_mkl05z4.o(RESET)
    __Vectors_Size                           0x000000c0   Number         0  startup_mkl05z4.o ABSOLUTE
    __main                                   0x000000c1   Thumb Code     8  __main.o(!!!main)
    __scatterload                            0x000000c9   Thumb Code     0  __scatter.o(!!!scatter)
    __scatterload_rt2                        0x000000c9   Thumb Code    52  __scatter.o(!!!scatter)
    __scatterload_rt2_thumb_only             0x000000c9   Thumb Code     0  __scatter.o(!!!scatter)
    __scatterload_null                       0x000000d9   Thumb Code     0  __scatter.o(!!!scatter)
    __scatterload_copy                       0x00000105   Thumb Code    26  __scatter_copy.o(!!handler_copy)
    __scatterload_zeroinit                   0x00000121   Thumb Code    28  __scatter_zi.o(!!handler_zi)
    _printf_percent                          0x0000013d   Thumb Code     0  _printf_percent.o(.ARM.Collect$$_printf_percent$$00000000)
    _printf_f                                0x0000013f   Thumb Code     0  _printf_f.o(.ARM.Collect$$_printf_percent$$00000003)
    _printf_percent_end                      0x00000149   Thumb Code     0  _printf_percent_end.o(.ARM.Collect$$_printf_percent$$00000017)
    __rt_lib_init                            0x0000014d   Thumb Code     0  libinit.o(.ARM.Collect$$libinit$$00000000)
    __rt_lib_init_fp_1                       0x0000014f   Thumb Code     0  libinit2.o(.ARM.Collect$$libinit$$00000002)
    __rt_lib_init_heap_1                     0x0000014f   Thumb Code     0  libinit2.o(.ARM.Collect$$libinit$$0000000A)
    __rt_lib_init_lc_common                  0x0000014f   Thumb Code     0  libinit2.o(.ARM.Collect$$libinit$$0000000F)
    __rt_lib_init_preinit_1                  0x0000014f   Thumb Code     0  libinit2.o(.ARM.Collect$$libinit$$00000004)
    __rt_lib_init_rand_1                     0x0000014f   Thumb Code     0  libinit2.o(.ARM.Collect$$libinit$$0000000E)
    __rt_lib_init_user_alloc_1               0x0000014f   Thumb Code     0  libinit2.o(.ARM.Collect$$libinit$$0000000C)
    __rt_lib_init_lc_collate_1               0x00000155   Thumb Code     0  libinit2.o(.ARM.Collect$$libinit$$00000011)
    __rt_lib_init_lc_ctype_1                 0x00000155   Thumb Code     0  libinit2.o(.ARM.Collect$$libinit$$00000013)
    __rt_lib_init_lc_monetary_1              0x00000155   Thumb Code     0  libinit2.o(.ARM.Collect$$libinit$$00000015)
    __rt_lib_init_lc_numeric_2               0x00000155   Thumb Code     0  libinit2.o(.ARM.Collect$$libinit$$00000016)
    __rt_lib_init_alloca_1                   0x0000015f   Thumb Code     0  libinit2.o(.ARM.Collect$$libinit$$0000002E)
    __rt_lib_init_argv_1                     0x0000015f   Thumb Code     0  libinit2.o(.ARM.Collect$$libinit$$0000002C)
    __rt_lib_init_atexit_1                   0x0000015f   Thumb Code     0  libinit2.o(.ARM.Collect$$libinit$$0000001B)
    __rt_lib_init_clock_1                    0x0000015f   Thumb Code     0  libinit2.o(.ARM.Collect$$libinit$$00000021)
    __rt_lib_init_cpp_1                      0x0000015f   Thumb Code     0  libinit2.o(.ARM.Collect$$libinit$$00000032)
    __rt_lib_init_exceptions_1               0x0000015f   Thumb Code     0  libinit2.o(.ARM.Collect$$libinit$$00000030)
    __rt_lib_init_fp_trap_1                  0x0000015f   Thumb Code     0  libinit2.o(.ARM.Collect$$libinit$$0000001F)
    __rt_lib_init_getenv_1                   0x0000015f   Thumb Code     0  libinit2.o(.ARM.Collect$$libinit$$00000023)
    __rt_lib_init_lc_numeric_1               0x0000015f   Thumb Code     0  libinit2.o(.ARM.Collect$$libinit$$00000017)
    __rt_lib_init_lc_time_1                  0x0000015f   Thumb Code     0  libinit2.o(.ARM.Collect$$libinit$$00000019)
    __rt_lib_init_return                     0x0000015f   Thumb Code     0  libinit2.o(.ARM.Collect$$libinit$$00000033)
    __rt_lib_init_signal_1                   0x0000015f   Thumb Code     0  libinit2.o(.ARM.Collect$$libinit$$0000001D)
    __rt_lib_init_stdio_1                    0x0000015f   Thumb Code     0  libinit2.o(.ARM.Collect$$libinit$$00000025)
    __rt_lib_shutdown                        0x00000161   Thumb Code     0  libshutdown.o(.ARM.Collect$$libshutdown$$00000000)
    __rt_lib_shutdown_cpp_1                  0x00000163   Thumb Code     0  libshutdown2.o(.ARM.Collect$$libshutdown$$00000002)
    __rt_lib_shutdown_fp_trap_1              0x00000163   Thumb Code     0  libshutdown2.o(.ARM.Collect$$libshutdown$$00000007)
    __rt_lib_shutdown_heap_1                 0x00000163   Thumb Code     0  libshutdown2.o(.ARM.Collect$$libshutdown$$0000000F)
    __rt_lib_shutdown_return                 0x00000163   Thumb Code     0  libshutdown2.o(.ARM.Collect$$libshutdown$$00000010)
    __rt_lib_shutdown_signal_1               0x00000163   Thumb Code     0  libshutdown2.o(.ARM.Collect$$libshutdown$$0000000A)
    __rt_lib_shutdown_stdio_1                0x00000163   Thumb Code     0  libshutdown2.o(.ARM.Collect$$libshutdown$$00000004)
    __rt_lib_shutdown_user_alloc_1           0x00000163   Thumb Code     0  libshutdown2.o(.ARM.Collect$$libshutdown$$0000000C)
    __rt_entry                               0x00000165   Thumb Code     0  __rtentry.o(.ARM.Collect$$rtentry$$00000000)
    __rt_entry_presh_1                       0x00000165   Thumb Code     0  __rtentry2.o(.ARM.Collect$$rtentry$$00000002)
    __rt_entry_sh                            0x00000165   Thumb Code     0  __rtentry4.o(.ARM.Collect$$rtentry$$00000004)
    __rt_entry_li                            0x0000016b   Thumb Code     0  __rtentry2.o(.ARM.Collect$$rtentry$$0000000A)
    __rt_entry_postsh_1                      0x0000016b   Thumb Code     0  __rtentry2.o(.ARM.Collect$$rtentry$$00000009)
    __rt_entry_main                          0x0000016f   Thumb Code     0  __rtentry2.o(.ARM.Collect$$rtentry$$0000000D)
    __rt_entry_postli_1                      0x0000016f   Thumb Code     0  __rtentry2.o(.ARM.Collect$$rtentry$$0000000C)
    __rt_exit                                0x00000177   Thumb Code     0  rtexit.o(.ARM.Collect$$rtexit$$00000000)
    __rt_exit_ls                             0x00000179   Thumb Code     0  rtexit2.o(.ARM.Collect$$rtexit$$00000003)
    __rt_exit_prels_1                        0x00000179   Thumb Code     0  rtexit2.o(.ARM.Collect$$rtexit$$00000002)
    __rt_exit_exit                           0x0000017d   Thumb Code     0  rtexit2.o(.ARM.Collect$$rtexit$$00000004)
    InCap_OutComp_Init                       0x00000185   Thumb Code   180  tpm.o(.text)
    Klaw_Init                                0x00000269   Thumb Code    68  klaw.o(.text)
    Klaw_S1_4_Int                            0x000002b5   Thumb Code    48  klaw.o(.text)
    DAC_Init                                 0x00000321   Thumb Code    40  dac.o(.text)
    DAC_Load_Trig                            0x00000351   Thumb Code    44  dac.o(.text)
    Reset_Handler                            0x00000385   Thumb Code     8  startup_mkl05z4.o(.text)
    NMI_Handler                              0x0000038d   Thumb Code     2  startup_mkl05z4.o(.text)
    HardFault_Handler                        0x0000038f   Thumb Code     2  startup_mkl05z4.o(.text)
    SVC_Handler                              0x00000391   Thumb Code     2  startup_mkl05z4.o(.text)
    PendSV_Handler                           0x00000393   Thumb Code     2  startup_mkl05z4.o(.text)
    ADC0_IRQHandler                          0x00000397   Thumb Code     0  startup_mkl05z4.o(.text)
    CMP0_IRQHandler                          0x00000397   Thumb Code     0  startup_mkl05z4.o(.text)
    DAC0_IRQHandler                          0x00000397   Thumb Code     0  startup_mkl05z4.o(.text)
    DMA0_IRQHandler                          0x00000397   Thumb Code     0  startup_mkl05z4.o(.text)
    DMA1_IRQHandler                          0x00000397   Thumb Code     0  startup_mkl05z4.o(.text)
    DMA2_IRQHandler                          0x00000397   Thumb Code     0  startup_mkl05z4.o(.text)
    DMA3_IRQHandler                          0x00000397   Thumb Code     0  startup_mkl05z4.o(.text)
    DefaultISR                               0x00000397   Thumb Code     0  startup_mkl05z4.o(.text)
    FTFA_IRQHandler                          0x00000397   Thumb Code     0  startup_mkl05z4.o(.text)
    I2C0_IRQHandler                          0x00000397   Thumb Code     0  startup_mkl05z4.o(.text)
    LLW_IRQHandler                           0x00000397   Thumb Code     0  startup_mkl05z4.o(.text)
    LPTimer_IRQHandler                       0x00000397   Thumb Code     0  startup_mkl05z4.o(.text)
    LVD_LVW_IRQHandler                       0x00000397   Thumb Code     0  startup_mkl05z4.o(.text)
    MCG_IRQHandler                           0x00000397   Thumb Code     0  startup_mkl05z4.o(.text)
    PIT_IRQHandler                           0x00000397   Thumb Code     0  startup_mkl05z4.o(.text)
    PORTB_IRQHandler                         0x00000397   Thumb Code     0  startup_mkl05z4.o(.text)
    RTC_IRQHandler                           0x00000397   Thumb Code     0  startup_mkl05z4.o(.text)
    RTC_Seconds_IRQHandler                   0x00000397   Thumb Code     0  startup_mkl05z4.o(.text)
    Reserved20_IRQHandler                    0x00000397   Thumb Code     0  startup_mkl05z4.o(.text)
    Reserved25_IRQHandler                    0x00000397   Thumb Code     0  startup_mkl05z4.o(.text)
    Reserved27_IRQHandler                    0x00000397   Thumb Code     0  startup_mkl05z4.o(.text)
    Reserved29_IRQHandler                    0x00000397   Thumb Code     0  startup_mkl05z4.o(.text)
    Reserved30_IRQHandler                    0x00000397   Thumb Code     0  startup_mkl05z4.o(.text)
    Reserved35_IRQHandler                    0x00000397   Thumb Code     0  startup_mkl05z4.o(.text)
    Reserved39_IRQHandler                    0x00000397   Thumb Code     0  startup_mkl05z4.o(.text)
    Reserved40_IRQHandler                    0x00000397   Thumb Code     0  startup_mkl05z4.o(.text)
    Reserved45_IRQHandler                    0x00000397   Thumb Code     0  startup_mkl05z4.o(.text)
    SPI0_IRQHandler                          0x00000397   Thumb Code     0  startup_mkl05z4.o(.text)
    TPM0_IRQHandler                          0x00000397   Thumb Code     0  startup_mkl05z4.o(.text)
    UART0_IRQHandler                         0x00000397   Thumb Code     0  startup_mkl05z4.o(.text)
    __user_initial_stackheap                 0x00000399   Thumb Code     0  startup_mkl05z4.o(.text)
    __2sprintf                               0x000003b9   Thumb Code    36  noretval__2sprintf.o(.text)
    __use_two_region_memory                  0x000003e1   Thumb Code     2  heapauxi.o(.text)
    __rt_heap_escrow$2region                 0x000003e3   Thumb Code     2  heapauxi.o(.text)
    __rt_heap_expand$2region                 0x000003e5   Thumb Code     2  heapauxi.o(.text)
    __read_errno                             0x000003e7   Thumb Code    10  _rserrno.o(.text)
    __set_errno                              0x000003f1   Thumb Code    12  _rserrno.o(.text)
    __I$use$semihosting                      0x000003fd   Thumb Code     0  use_no_semi.o(.text)
    __use_no_semihosting_swi                 0x000003fd   Thumb Code     2  use_no_semi.o(.text)
    __I$use$fp                               0x000003fe   Number         0  usenofp.o(x$fpl$usenofp)
    __semihosting_library_function           0x000003ff   Thumb Code     0  indicate_semi.o(.text)
    I2C_Init                                 0x00000411   Thumb Code    64  i2c.o(.text)
    I2C_Ping                                 0x0000045d   Thumb Code    48  i2c.o(.text)
    i2c_enable                               0x00000491   Thumb Code    12  i2c.o(.text)
    i2c_tran                                 0x000004a1   Thumb Code    12  i2c.o(.text)
    i2c_m_start                              0x000004b1   Thumb Code    12  i2c.o(.text)
    i2c_send                                 0x000004c1   Thumb Code     8  i2c.o(.text)
    i2c_wait                                 0x000004cd   Thumb Code    80  i2c.o(.text)
    i2c_m_stop                               0x00000529   Thumb Code    12  i2c.o(.text)
    i2c_disable                              0x00000539   Thumb Code    12  i2c.o(.text)
    I2C_Write                                0x00000549   Thumb Code    60  i2c.o(.text)
    I2C_Read                                 0x00000589   Thumb Code    76  i2c.o(.text)
    i2c_rec                                  0x000005dd   Thumb Code    12  i2c.o(.text)
    i2c_nack                                 0x000005ed   Thumb Code    12  i2c.o(.text)
    i2c_recv                                 0x000005fd   Thumb Code     8  i2c.o(.text)
    I2C_WriteReg                             0x00000609   Thumb Code    76  i2c.o(.text)
    I2C_ReadReg                              0x00000659   Thumb Code   112  i2c.o(.text)
    i2c_clr_IICIF                            0x000006d1   Thumb Code    12  i2c.o(.text)
    i2c_m_rstart                             0x000006e1   Thumb Code    20  i2c.o(.text)
    I2C_ReadRegBlock                         0x000006f9   Thumb Code   168  i2c.o(.text)
    i2c_ack                                  0x000007a9   Thumb Code    12  i2c.o(.text)
    LCD1602_Init                             0x000007b9   Thumb Code    72  lcd1602.o(.text)
    LCD1602_CheckAddress                     0x00000805   Thumb Code    40  lcd1602.o(.text)
    LCD1602_Write8                           0x00000831   Thumb Code    40  lcd1602.o(.text)
    LCD1602_ClearLine                        0x00000859   Thumb Code    32  lcd1602.o(.text)
    LCD1602_SetCursor                        0x0000088d   Thumb Code    30  lcd1602.o(.text)
    LCD1602_Print                            0x000008ab   Thumb Code    32  lcd1602.o(.text)
    LCD1602_Blink_On                         0x000008cb   Thumb Code    12  lcd1602.o(.text)
    LCD1602_Blink_Off                        0x000008d7   Thumb Code    12  lcd1602.o(.text)
    LCD1602_Blink_Off_Cursor_On              0x000008e3   Thumb Code    12  lcd1602.o(.text)
    LCD1602_ClearAll                         0x000008ef   Thumb Code    12  lcd1602.o(.text)
    LCD1602_PrintNum                         0x000008fd   Thumb Code    36  lcd1602.o(.text)
    itoa                                     0x00000929   Thumb Code   118  lcd1602.o(.text)
    LCD1602_Backlight                        0x000009a1   Thumb Code    16  lcd1602.o(.text)
    PCF8574_Write                            0x000009b5   Thumb Code    36  lcd1602.o(.text)
    LCD1602_Write4                           0x000009e1   Thumb Code    26  lcd1602.o(.text)
    LCD1602_BF_AC                            0x000009fd   Thumb Code   200  lcd1602.o(.text)
    LCD1602_PL_CH                            0x00000acd   Thumb Code   164  lcd1602.o(.text)
    LCD1602_PrintPL                          0x00000b91   Thumb Code   136  lcd1602.o(.text)
    SysTick_Handler                          0x00000c19   Thumb Code    76  main.o(.text)
    SysTick_Delay                            0x00000c81   Thumb Code    12  main.o(.text)
    update_threshold_display                 0x00000c91   Thumb Code    52  main.o(.text)
    TPM1_IRQHandler                          0x00000cd9   Thumb Code   100  main.o(.text)
    update_distance_display                  0x00000d51   Thumb Code   176  main.o(.text)
    select_unit                              0x00000e69   Thumb Code   192  main.o(.text)
    PORTA_IRQHandler                         0x00000f7d   Thumb Code   200  main.o(.text)
    TRIG_PWM_Init                            0x00001075   Thumb Code    92  main.o(.text)
    main                                     0x000010dd   Thumb Code   348  main.o(.text)
    TSI_Init                                 0x000012c5   Thumb Code    60  tsi.o(.text)
    self_calibration                         0x0000134d   Thumb Code   152  tsi.o(.text)
    TSI_ReadSlider                           0x000013f1   Thumb Code    84  tsi.o(.text)
    change_electrode                         0x0000144d   Thumb Code    76  tsi.o(.text)
    TSI0_IRQHandler                          0x000014b1   Thumb Code    20  tsi.o(.text)
    SystemInit                               0x000014c9   Thumb Code    60  system_mkl05z4.o(.text)
    SystemCoreClockUpdate                    0x00001515   Thumb Code   160  system_mkl05z4.o(.text)
    _printf_pre_padding                      0x000015cd   Thumb Code    44  _printf_pad.o(.text)
    _printf_post_padding                     0x000015f9   Thumb Code    34  _printf_pad.o(.text)
    __printf                                 0x0000161b   Thumb Code   270  __printf_wp.o(.text)
    __aeabi_uidivmod                         0x00001729   Thumb Code    28  aeabi_sdivfast.o(.text)
    __aeabi_idivmod                          0x00001745   Thumb Code   472  aeabi_sdivfast.o(.text)
    __aeabi_d2f                              0x00001921   Thumb Code     0  d2f.o(.text)
    _d2f                                     0x00001921   Thumb Code   120  d2f.o(.text)
    __aeabi_dadd                             0x00001c95   Thumb Code     0  daddsub.o(.text)
    _dadd                                    0x00001c95   Thumb Code    26  daddsub.o(.text)
    __aeabi_dsub                             0x00001caf   Thumb Code     0  daddsub.o(.text)
    _dsub                                    0x00001caf   Thumb Code    22  daddsub.o(.text)
    __aeabi_drsub                            0x00001cc5   Thumb Code     0  daddsub.o(.text)
    _drsb                                    0x00001cc5   Thumb Code    28  daddsub.o(.text)
    __aeabi_ddiv                             0x00001cf5   Thumb Code     0  ddiv.o(.text)
    _ddiv                                    0x00001cf5   Thumb Code  1072  ddiv.o(.text)
    _drdiv                                   0x00002125   Thumb Code    20  ddiv.o(.text)
    __aeabi_d2iz                             0x0000213d   Thumb Code     0  dfixi.o(.text)
    _dfix                                    0x0000213d   Thumb Code    98  dfixi.o(.text)
    __aeabi_i2d_normalise                    0x000021a9   Thumb Code    66  dflti.o(.text)
    __aeabi_i2d                              0x000021eb   Thumb Code    16  dflti.o(.text)
    _dflt                                    0x000021eb   Thumb Code     0  dflti.o(.text)
    __aeabi_ui2d                             0x000021fb   Thumb Code     6  dflti.o(.text)
    _dfltu                                   0x000021fb   Thumb Code     0  dflti.o(.text)
    __aeabi_dmul                             0x00002201   Thumb Code     0  dmul.o(.text)
    _dmul                                    0x00002201   Thumb Code   558  dmul.o(.text)
    __aeabi_f2d                              0x00002449   Thumb Code     0  f2d.o(.text)
    _f2d                                     0x00002449   Thumb Code    80  f2d.o(.text)
    __aeabi_fdiv                             0x0000249d   Thumb Code     0  fdiv.o(.text)
    _fdiv                                    0x0000249d   Thumb Code   334  fdiv.o(.text)
    _frdiv                                   0x000025eb   Thumb Code     8  fdiv.o(.text)
    __aeabi_i2f_normalise                    0x000025fd   Thumb Code    72  fflti.o(.text)
    __aeabi_i2f                              0x00002645   Thumb Code    16  fflti.o(.text)
    _fflt                                    0x00002645   Thumb Code     0  fflti.o(.text)
    __aeabi_ui2f                             0x00002655   Thumb Code     6  fflti.o(.text)
    _ffltu                                   0x00002655   Thumb Code     0  fflti.o(.text)
    _printf_fp_dec_real                      0x000027f9   Thumb Code   620  _printf_fp_dec.o(.text)
    _printf_char_common                      0x00002a7b   Thumb Code    32  _printf_char_common.o(.text)
    _sputc                                   0x00002aa1   Thumb Code    10  _sputc.o(.text)
    __rt_locale                              0x00002aad   Thumb Code     8  rt_locale_intlibspace.o(.text)
    __aeabi_errno_addr                       0x00002ab5   Thumb Code     8  rt_errno_addr_intlibspace.o(.text)
    __errno$intlibspace                      0x00002ab5   Thumb Code     0  rt_errno_addr_intlibspace.o(.text)
    __rt_errno_addr$intlibspace              0x00002ab5   Thumb Code     0  rt_errno_addr_intlibspace.o(.text)
    _ll_udiv10                               0x00002abd   Thumb Code   122  lludiv10.o(.text)
    _printf_fp_infnan                        0x00002b39   Thumb Code   120  _printf_fp_infnan.o(.text)
    _btod_etento                             0x00002bc1   Thumb Code   210  bigflt0.o(.text)
    _btod_d2e                                0x00002c99   Thumb Code    64  btod.o(.text)
    _btod_emul                               0x000030cd   Thumb Code    28  btod.o(.text)
    _btod_emuld                              0x000030e9   Thumb Code   144  btod.o(.text)
    _btod_ediv                               0x00003179   Thumb Code    26  btod.o(.text)
    _btod_edivd                              0x00003193   Thumb Code   124  btod.o(.text)
    __rt_udiv10                              0x00003219   Thumb Code    40  rtudiv10.o(.text)
    __ARM_scalbn                             0x00003241   Thumb Code    84  dscalbn.o(.text)
    __fpl_fcmp_InfNaN                        0x000032a1   Thumb Code    96  fcmpin.o(.text)
    __user_libspace                          0x00003305   Thumb Code     8  libspace.o(.text)
    __user_perproc_libspace                  0x00003305   Thumb Code     0  libspace.o(.text)
    __user_perthread_libspace                0x00003305   Thumb Code     0  libspace.o(.text)
    __user_setup_stackheap                   0x0000330d   Thumb Code    62  sys_stackheap_outer.o(.text)
    exit                                     0x0000334b   Thumb Code    16  exit.o(.text)
    strcmp                                   0x0000335d   Thumb Code   176  strcmpv6m.o(.text)
    __fpl_cmpreturn                          0x0000340d   Thumb Code    46  cmpret.o(.text)
    __fpl_fcheck_NaN2                        0x0000343d   Thumb Code    10  fnan2.o(.text)
    __fpl_return_NaN                         0x0000344d   Thumb Code    94  retnan.o(.text)
    _sys_exit                                0x000034ad   Thumb Code     8  sys_exit.o(.text)
    __aeabi_uidiv                            0x000034b9   Thumb Code    68  aeabi_sdivfast.o(.text_divfast)
    __aeabi_idiv                             0x000034fd   Thumb Code   434  aeabi_sdivfast.o(.text_divfast)
    __ARM_common_ll_muluu                    0x000036af   Thumb Code    48  btod.o(i.__ARM_common_ll_muluu)
    __ARM_fpclassify                         0x000036e1   Thumb Code    40  fpclassify.o(i.__ARM_fpclassify)
    __ieee754_rem_pio2                       0x0000370d   Thumb Code   838  rred.o(i.__ieee754_rem_pio2)
    __kernel_cos                             0x00003aa9   Thumb Code   224  cos_i.o(i.__kernel_cos)
    __kernel_poly                            0x00003b9d   Thumb Code   172  poly.o(i.__kernel_poly)
    __kernel_sin                             0x00003c49   Thumb Code   222  sin_i.o(i.__kernel_sin)
    __mathlib_dbl_infnan                     0x00003d35   Thumb Code    10  dunder.o(i.__mathlib_dbl_infnan)
    __mathlib_dbl_invalid                    0x00003d3f   Thumb Code    16  dunder.o(i.__mathlib_dbl_invalid)
    __mathlib_dbl_underflow                  0x00003d51   Thumb Code    14  dunder.o(i.__mathlib_dbl_underflow)
    __aeabi_fcmpeq                           0x00003d65   Thumb Code     0  fcmp.o(i._feq)
    _feq                                     0x00003d65   Thumb Code    22  fcmp.o(i._feq)
    __aeabi_fcmple                           0x00003d7b   Thumb Code     0  fcmp.o(i._fleq)
    _fleq                                    0x00003d7b   Thumb Code    26  fcmp.o(i._fleq)
    __aeabi_fcmplt                           0x00003d95   Thumb Code     0  fcmp.o(i._fls)
    _fls                                     0x00003d95   Thumb Code    22  fcmp.o(i._fls)
    _is_digit                                0x00003dab   Thumb Code    14  __printf_wp.o(i._is_digit)
    sin                                      0x00003db9   Thumb Code   146  sin.o(i.sin)
    _get_lc_numeric                          0x00003e55   Thumb Code    44  lc_numeric_c.o(locale$$code)
    __aeabi_cfcmpeq                          0x00003e81   Thumb Code     0  feqf.o(x$fpl$feqf)
    _fcmpeq                                  0x00003e81   Thumb Code    78  feqf.o(x$fpl$feqf)
    __aeabi_cfcmple                          0x00003ed5   Thumb Code     0  flef.o(x$fpl$fleqf)
    _fcmple                                  0x00003ed5   Thumb Code    78  flef.o(x$fpl$fleqf)
    __aeabi_fmul                             0x00003f29   Thumb Code     0  fmul.o(x$fpl$fmul)
    _fmul                                    0x00003f29   Thumb Code   172  fmul.o(x$fpl$fmul)
    _printf_fp_dec                           0x00003fd9   Thumb Code    16  printf1.o(x$fpl$printf1)
    Region$$Table$$Base                      0x00004284   Number         0  anon$$obj.o(Region$$Table)
    Region$$Table$$Limit                     0x000042a4   Number         0  anon$$obj.o(Region$$Table)
    DISTANCE_THRESHOLD_CM                    0x1ffffc00   Data           4  main.o(.data.DISTANCE_THRESHOLD_CM)
    PL_CH_a_                                 0x1ffffc04   Data           8  lcd1602.o(.data.PL_CH_a_)
    PL_CH_c_                                 0x1ffffc0c   Data           8  lcd1602.o(.data.PL_CH_c_)
    PL_CH_e_                                 0x1ffffc14   Data           8  lcd1602.o(.data.PL_CH_e_)
    PL_CH_l_                                 0x1ffffc1c   Data           8  lcd1602.o(.data.PL_CH_l_)
    PL_CH_n_                                 0x1ffffc24   Data           8  lcd1602.o(.data.PL_CH_n_)
    PL_CH_o_                                 0x1ffffc2c   Data           8  lcd1602.o(.data.PL_CH_o_)
    PL_CH_s_                                 0x1ffffc34   Data           8  lcd1602.o(.data.PL_CH_s_)
    PL_CH_z_                                 0x1ffffc3c   Data           8  lcd1602.o(.data.PL_CH_z_)
    SystemCoreClock                          0x1ffffc44   Data           4  system_mkl05z4.o(.data.SystemCoreClock)
    __libspace_start                         0x1ffffc50   Data          96  libspace.o(.bss)
    S1_press                                 0x1ffffcb0   Data           1  main.o(.bss.S1_press)
    __temporary_stack_top$libspace           0x1ffffcb0   Data           0  libspace.o(.bss)
    S2_press                                 0x1ffffcb1   Data           1  main.o(.bss.S2_press)
    S3_press                                 0x1ffffcb2   Data           1  main.o(.bss.S3_press)
    S4_press                                 0x1ffffcb3   Data           1  main.o(.bss.S4_press)
    Sinus                                    0x1ffffcb4   Data        2048  main.o(.bss.Sinus)
    beepOn                                   0x200004b4   Data           1  main.o(.bss.beepOn)
    d                                        0x200004b8   Data           4  main.o(.bss.d)
    dac                                      0x200004bc   Data           2  main.o(.bss.dac)
    delay_count                              0x200004c0   Data           4  main.o(.bss.delay_count)
    distance                                 0x200004c4   Data           4  main.o(.bss.distance)
    dummy                                    0x200004c8   Data           1  i2c.o(.bss.dummy)
    faza                                     0x200004cc   Data           2  main.o(.bss.faza)
    inMenu                                   0x200004d6   Data           1  main.o(.bss.inMenu)
    mod                                      0x200004d8   Data           2  main.o(.bss.mod)
    tick                                     0x200004dc   Data           4  main.o(.bss.tick)
    tick_head                                0x200004e0   Data           4  main.o(.bss.tick_head)
    tpm1InterruptFlag                        0x200004e4   Data           1  main.o(.bss.tpm1InterruptFlag)
    unit                                     0x200004e5   Data           1  main.o(.bss.unit)
    unitSelected                             0x200004e6   Data           1  main.o(.bss.unitSelected)
    wynik                                    0x200004e8   Data           4  main.o(.bss.wynik)



==============================================================================

Memory Map of the image

  Image Entry point : 0x000000c1

  Load Region LR_IROM1 (Base: 0x00000000, Size: 0x00004310, Max: 0x00008000, ABSOLUTE)

    Execution Region ER_IROM1 (Exec base: 0x00000000, Load base: 0x00000000, Size: 0x000042c0, Max: 0x00008000, ABSOLUTE)

    Exec Addr    Load Addr    Size         Type   Attr      Idx    E Section Name        Object

    0x00000000   0x00000000   0x000000c0   Data   RO           98    RESET               startup_mkl05z4.o
    0x000000c0   0x000000c0   0x00000008   Code   RO          159  * !!!main             c_p.l(__main.o)
    0x000000c8   0x000000c8   0x0000003c   Code   RO          471    !!!scatter          c_p.l(__scatter.o)
    0x00000104   0x00000104   0x0000001a   Code   RO          473    !!handler_copy      c_p.l(__scatter_copy.o)
    0x0000011e   0x0000011e   0x00000002   PAD
    0x00000120   0x00000120   0x0000001c   Code   RO          475    !!handler_zi        c_p.l(__scatter_zi.o)
    0x0000013c   0x0000013c   0x00000002   Code   RO          148    .ARM.Collect$$_printf_percent$$00000000  c_p.l(_printf_percent.o)
    0x0000013e   0x0000013e   0x0000000a   Code   RO          147    .ARM.Collect$$_printf_percent$$00000003  c_p.l(_printf_f.o)
    0x00000148   0x00000148   0x00000004   Code   RO          216    .ARM.Collect$$_printf_percent$$00000017  c_p.l(_printf_percent_end.o)
    0x0000014c   0x0000014c   0x00000002   Code   RO          330    .ARM.Collect$$libinit$$00000000  c_p.l(libinit.o)
    0x0000014e   0x0000014e   0x00000000   Code   RO          332    .ARM.Collect$$libinit$$00000002  c_p.l(libinit2.o)
    0x0000014e   0x0000014e   0x00000000   Code   RO          334    .ARM.Collect$$libinit$$00000004  c_p.l(libinit2.o)
    0x0000014e   0x0000014e   0x00000000   Code   RO          337    .ARM.Collect$$libinit$$0000000A  c_p.l(libinit2.o)
    0x0000014e   0x0000014e   0x00000000   Code   RO          339    .ARM.Collect$$libinit$$0000000C  c_p.l(libinit2.o)
    0x0000014e   0x0000014e   0x00000000   Code   RO          341    .ARM.Collect$$libinit$$0000000E  c_p.l(libinit2.o)
    0x0000014e   0x0000014e   0x00000006   Code   RO          342    .ARM.Collect$$libinit$$0000000F  c_p.l(libinit2.o)
    0x00000154   0x00000154   0x00000000   Code   RO          344    .ARM.Collect$$libinit$$00000011  c_p.l(libinit2.o)
    0x00000154   0x00000154   0x00000000   Code   RO          346    .ARM.Collect$$libinit$$00000013  c_p.l(libinit2.o)
    0x00000154   0x00000154   0x00000000   Code   RO          348    .ARM.Collect$$libinit$$00000015  c_p.l(libinit2.o)
    0x00000154   0x00000154   0x0000000a   Code   RO          349    .ARM.Collect$$libinit$$00000016  c_p.l(libinit2.o)
    0x0000015e   0x0000015e   0x00000000   Code   RO          350    .ARM.Collect$$libinit$$00000017  c_p.l(libinit2.o)
    0x0000015e   0x0000015e   0x00000000   Code   RO          352    .ARM.Collect$$libinit$$00000019  c_p.l(libinit2.o)
    0x0000015e   0x0000015e   0x00000000   Code   RO          354    .ARM.Collect$$libinit$$0000001B  c_p.l(libinit2.o)
    0x0000015e   0x0000015e   0x00000000   Code   RO          356    .ARM.Collect$$libinit$$0000001D  c_p.l(libinit2.o)
    0x0000015e   0x0000015e   0x00000000   Code   RO          358    .ARM.Collect$$libinit$$0000001F  c_p.l(libinit2.o)
    0x0000015e   0x0000015e   0x00000000   Code   RO          360    .ARM.Collect$$libinit$$00000021  c_p.l(libinit2.o)
    0x0000015e   0x0000015e   0x00000000   Code   RO          362    .ARM.Collect$$libinit$$00000023  c_p.l(libinit2.o)
    0x0000015e   0x0000015e   0x00000000   Code   RO          364    .ARM.Collect$$libinit$$00000025  c_p.l(libinit2.o)
    0x0000015e   0x0000015e   0x00000000   Code   RO          368    .ARM.Collect$$libinit$$0000002C  c_p.l(libinit2.o)
    0x0000015e   0x0000015e   0x00000000   Code   RO          370    .ARM.Collect$$libinit$$0000002E  c_p.l(libinit2.o)
    0x0000015e   0x0000015e   0x00000000   Code   RO          372    .ARM.Collect$$libinit$$00000030  c_p.l(libinit2.o)
    0x0000015e   0x0000015e   0x00000000   Code   RO          374    .ARM.Collect$$libinit$$00000032  c_p.l(libinit2.o)
    0x0000015e   0x0000015e   0x00000002   Code   RO          375    .ARM.Collect$$libinit$$00000033  c_p.l(libinit2.o)
    0x00000160   0x00000160   0x00000002   Code   RO          437    .ARM.Collect$$libshutdown$$00000000  c_p.l(libshutdown.o)
    0x00000162   0x00000162   0x00000000   Code   RO          455    .ARM.Collect$$libshutdown$$00000002  c_p.l(libshutdown2.o)
    0x00000162   0x00000162   0x00000000   Code   RO          457    .ARM.Collect$$libshutdown$$00000004  c_p.l(libshutdown2.o)
    0x00000162   0x00000162   0x00000000   Code   RO          460    .ARM.Collect$$libshutdown$$00000007  c_p.l(libshutdown2.o)
    0x00000162   0x00000162   0x00000000   Code   RO          463    .ARM.Collect$$libshutdown$$0000000A  c_p.l(libshutdown2.o)
    0x00000162   0x00000162   0x00000000   Code   RO          465    .ARM.Collect$$libshutdown$$0000000C  c_p.l(libshutdown2.o)
    0x00000162   0x00000162   0x00000000   Code   RO          468    .ARM.Collect$$libshutdown$$0000000F  c_p.l(libshutdown2.o)
    0x00000162   0x00000162   0x00000002   Code   RO          469    .ARM.Collect$$libshutdown$$00000010  c_p.l(libshutdown2.o)
    0x00000164   0x00000164   0x00000000   Code   RO          201    .ARM.Collect$$rtentry$$00000000  c_p.l(__rtentry.o)
    0x00000164   0x00000164   0x00000000   Code   RO          252    .ARM.Collect$$rtentry$$00000002  c_p.l(__rtentry2.o)
    0x00000164   0x00000164   0x00000006   Code   RO          264    .ARM.Collect$$rtentry$$00000004  c_p.l(__rtentry4.o)
    0x0000016a   0x0000016a   0x00000000   Code   RO          254    .ARM.Collect$$rtentry$$00000009  c_p.l(__rtentry2.o)
    0x0000016a   0x0000016a   0x00000004   Code   RO          255    .ARM.Collect$$rtentry$$0000000A  c_p.l(__rtentry2.o)
    0x0000016e   0x0000016e   0x00000000   Code   RO          257    .ARM.Collect$$rtentry$$0000000C  c_p.l(__rtentry2.o)
    0x0000016e   0x0000016e   0x00000008   Code   RO          258    .ARM.Collect$$rtentry$$0000000D  c_p.l(__rtentry2.o)
    0x00000176   0x00000176   0x00000002   Code   RO          381    .ARM.Collect$$rtexit$$00000000  c_p.l(rtexit.o)
    0x00000178   0x00000178   0x00000000   Code   RO          402    .ARM.Collect$$rtexit$$00000002  c_p.l(rtexit2.o)
    0x00000178   0x00000178   0x00000004   Code   RO          403    .ARM.Collect$$rtexit$$00000003  c_p.l(rtexit2.o)
    0x0000017c   0x0000017c   0x00000006   Code   RO          404    .ARM.Collect$$rtexit$$00000004  c_p.l(rtexit2.o)
    0x00000182   0x00000182   0x00000002   PAD
    0x00000184   0x00000184   0x000000e4   Code   RO           61    .text               tpm.o
    0x00000268   0x00000268   0x000000b8   Code   RO           68    .text               klaw.o
    0x00000320   0x00000320   0x00000064   Code   RO           75    .text               dac.o
    0x00000384   0x00000384   0x00000034   Code   RO          100    .text               startup_mkl05z4.o
    0x000003b8   0x000003b8   0x00000028   Code   RO          121    .text               c_p.l(noretval__2sprintf.o)
    0x000003e0   0x000003e0   0x00000006   Code   RO          157    .text               c_p.l(heapauxi.o)
    0x000003e6   0x000003e6   0x00000016   Code   RO          206    .text               c_p.l(_rserrno.o)
    0x000003fc   0x000003fc   0x00000002   Code   RO          424    .text               c_p.l(use_no_semi.o)
    0x000003fe   0x000003fe   0x00000000   Code   RO          426    .text               c_p.l(indicate_semi.o)
    0x000003fe   0x000003fe   0x00000000   Code   RO          223    x$fpl$usenofp       fz_ps.l(usenofp.o)
    0x000003fe   0x000003fe   0x00000002   Data   RO           87    .rodata.elec_array  tsi.o
    0x00000400   0x00000400   0x00000010   Code   RO           99    .ARM.__at_0x400     startup_mkl05z4.o
    0x00000410   0x00000410   0x000003a8   Code   RO            1    .text               i2c.o
    0x000007b8   0x000007b8   0x00000460   Code   RO           11    .text               lcd1602.o
    0x00000c18   0x00000c18   0x000006ac   Code   RO           30    .text               main.o
    0x000012c4   0x000012c4   0x00000204   Code   RO           83    .text               tsi.o
    0x000014c8   0x000014c8   0x00000104   Code   RO          108    .text               system_mkl05z4.o
    0x000015cc   0x000015cc   0x0000004e   Code   RO          125    .text               c_p.l(_printf_pad.o)
    0x0000161a   0x0000161a   0x0000010e   Code   RO          135    .text               c_p.l(__printf_wp.o)
    0x00001728   0x00001728   0x000001f8   Code   RO          149    .text               c_p.l(aeabi_sdivfast.o)
    0x00001920   0x00001920   0x0000007c   Code   RO          161    .text               fz_ps.l(d2f.o)
    0x0000199c   0x0000199c   0x00000358   Code   RO          163    .text               fz_ps.l(daddsub.o)
    0x00001cf4   0x00001cf4   0x00000448   Code   RO          165    .text               fz_ps.l(ddiv.o)
    0x0000213c   0x0000213c   0x0000006c   Code   RO          168    .text               fz_ps.l(dfixi.o)
    0x000021a8   0x000021a8   0x00000058   Code   RO          170    .text               fz_ps.l(dflti.o)
    0x00002200   0x00002200   0x00000248   Code   RO          172    .text               fz_ps.l(dmul.o)
    0x00002448   0x00002448   0x00000054   Code   RO          174    .text               fz_ps.l(f2d.o)
    0x0000249c   0x0000249c   0x00000160   Code   RO          188    .text               fz_ps.l(fdiv.o)
    0x000025fc   0x000025fc   0x0000005e   Code   RO          191    .text               fz_ps.l(fflti.o)
    0x0000265a   0x0000265a   0x00000002   PAD
    0x0000265c   0x0000265c   0x00000414   Code   RO          208    .text               c_p.l(_printf_fp_dec.o)
    0x00002a70   0x00002a70   0x00000030   Code   RO          212    .text               c_p.l(_printf_char_common.o)
    0x00002aa0   0x00002aa0   0x0000000a   Code   RO          214    .text               c_p.l(_sputc.o)
    0x00002aaa   0x00002aaa   0x00000002   PAD
    0x00002aac   0x00002aac   0x00000008   Code   RO          271    .text               c_p.l(rt_locale_intlibspace.o)
    0x00002ab4   0x00002ab4   0x00000008   Code   RO          276    .text               c_p.l(rt_errno_addr_intlibspace.o)
    0x00002abc   0x00002abc   0x0000007a   Code   RO          278    .text               c_p.l(lludiv10.o)
    0x00002b36   0x00002b36   0x00000002   PAD
    0x00002b38   0x00002b38   0x00000088   Code   RO          280    .text               c_p.l(_printf_fp_infnan.o)
    0x00002bc0   0x00002bc0   0x000000d8   Code   RO          284    .text               c_p.l(bigflt0.o)
    0x00002c98   0x00002c98   0x00000580   Code   RO          287    .text               c_p.l(btod.o)
    0x00003218   0x00003218   0x00000028   Code   RO          297    .text               c_p.l(rtudiv10.o)
    0x00003240   0x00003240   0x00000060   Code   RO          299    .text               fz_ps.l(dscalbn.o)
    0x000032a0   0x000032a0   0x00000064   Code   RO          301    .text               fz_ps.l(fcmpin.o)
    0x00003304   0x00003304   0x00000008   Code   RO          309    .text               c_p.l(libspace.o)
    0x0000330c   0x0000330c   0x0000003e   Code   RO          312    .text               c_p.l(sys_stackheap_outer.o)
    0x0000334a   0x0000334a   0x00000010   Code   RO          317    .text               c_p.l(exit.o)
    0x0000335a   0x0000335a   0x00000002   PAD
    0x0000335c   0x0000335c   0x000000b0   Code   RO          323    .text               c_p.l(strcmpv6m.o)
    0x0000340c   0x0000340c   0x0000002e   Code   RO          376    .text               fz_ps.l(cmpret.o)
    0x0000343a   0x0000343a   0x00000002   PAD
    0x0000343c   0x0000343c   0x00000010   Code   RO          378    .text               fz_ps.l(fnan2.o)
    0x0000344c   0x0000344c   0x0000005e   Code   RO          395    .text               fz_ps.l(retnan.o)
    0x000034aa   0x000034aa   0x00000002   PAD
    0x000034ac   0x000034ac   0x0000000c   Code   RO          397    .text               c_p.l(sys_exit.o)
    0x000034b8   0x000034b8   0x000001f6   Code   RO          150    .text_divfast       c_p.l(aeabi_sdivfast.o)
    0x000036ae   0x000036ae   0x00000030   Code   RO          290    i.__ARM_common_ll_muluu  c_p.l(btod.o)
    0x000036de   0x000036de   0x00000002   PAD
    0x000036e0   0x000036e0   0x0000002c   Code   RO          305    i.__ARM_fpclassify  m_ps.l(fpclassify.o)
    0x0000370c   0x0000370c   0x0000039c   Code   RO          241    i.__ieee754_rem_pio2  m_ps.l(rred.o)
    0x00003aa8   0x00003aa8   0x000000f4   Code   RO          224    i.__kernel_cos      m_ps.l(cos_i.o)
    0x00003b9c   0x00003b9c   0x000000ac   Code   RO          307    i.__kernel_poly     m_ps.l(poly.o)
    0x00003c48   0x00003c48   0x000000ec   Code   RO          248    i.__kernel_sin      m_ps.l(sin_i.o)
    0x00003d34   0x00003d34   0x0000000a   Code   RO          228    i.__mathlib_dbl_infnan  m_ps.l(dunder.o)
    0x00003d3e   0x00003d3e   0x00000010   Code   RO          230    i.__mathlib_dbl_invalid  m_ps.l(dunder.o)
    0x00003d4e   0x00003d4e   0x00000002   PAD
    0x00003d50   0x00003d50   0x00000014   Code   RO          233    i.__mathlib_dbl_underflow  m_ps.l(dunder.o)
    0x00003d64   0x00003d64   0x00000016   Code   RO          176    i._feq              fz_ps.l(fcmp.o)
    0x00003d7a   0x00003d7a   0x0000001a   Code   RO          179    i._fleq             fz_ps.l(fcmp.o)
    0x00003d94   0x00003d94   0x00000016   Code   RO          180    i._fls              fz_ps.l(fcmp.o)
    0x00003daa   0x00003daa   0x0000000e   Code   RO          137    i._is_digit         c_p.l(__printf_wp.o)
    0x00003db8   0x00003db8   0x0000009c   Code   RO          198    i.sin               m_ps.l(sin.o)
    0x00003e54   0x00003e54   0x0000002c   Code   RO          295    locale$$code        c_p.l(lc_numeric_c.o)
    0x00003e80   0x00003e80   0x00000054   Code   RO          217    x$fpl$feqf          fz_ps.l(feqf.o)
    0x00003ed4   0x00003ed4   0x00000054   Code   RO          221    x$fpl$fleqf         fz_ps.l(flef.o)
    0x00003f28   0x00003f28   0x000000b0   Code   RO          193    x$fpl$fmul          fz_ps.l(fmul.o)
    0x00003fd8   0x00003fd8   0x00000010   Code   RO          195    x$fpl$printf1       fz_ps.l(printf1.o)
    0x00003fe8   0x00003fe8   0x00000080   Data   RO          166    .constdata          fz_ps.l(ddiv.o)
    0x00004068   0x00004068   0x00000040   Data   RO          189    .constdata          fz_ps.l(fdiv.o)
    0x000040a8   0x000040a8   0x00000030   Data   RO          225    .constdata          m_ps.l(cos_i.o)
    0x000040d8   0x000040d8   0x000000cc   Data   RO          243    .constdata          m_ps.l(rred.o)
    0x000041a4   0x000041a4   0x00000004   PAD
    0x000041a8   0x000041a8   0x00000028   Data   RO          249    .constdata          m_ps.l(sin_i.o)
    0x000041d0   0x000041d0   0x00000094   Data   RO          285    .constdata          c_p.l(bigflt0.o)
    0x00004264   0x00004264   0x00000020   Data   RO           51    .rodata.cst32       main.o
    0x00004284   0x00004284   0x00000020   Data   RO          470    Region$$Table       anon$$obj.o
    0x000042a4   0x000042a4   0x0000001c   Data   RO          294    locale$$data        c_p.l(lc_numeric_c.o)


    Execution Region RW_IRAM1 (Exec base: 0x1ffffc00, Load base: 0x000042c0, Size: 0x00000bf0, Max: 0x00001000, ABSOLUTE)

    Exec Addr    Load Addr    Size         Type   Attr      Idx    E Section Name        Object

    0x1ffffc00   0x000042c0   0x00000004   Data   RW           43    .data.DISTANCE_THRESHOLD_CM  main.o
    0x1ffffc04   0x000042c4   0x00000008   Data   RW           13    .data.PL_CH_a_      lcd1602.o
    0x1ffffc0c   0x000042cc   0x00000008   Data   RW           14    .data.PL_CH_c_      lcd1602.o
    0x1ffffc14   0x000042d4   0x00000008   Data   RW           15    .data.PL_CH_e_      lcd1602.o
    0x1ffffc1c   0x000042dc   0x00000008   Data   RW           16    .data.PL_CH_l_      lcd1602.o
    0x1ffffc24   0x000042e4   0x00000008   Data   RW           17    .data.PL_CH_n_      lcd1602.o
    0x1ffffc2c   0x000042ec   0x00000008   Data   RW           18    .data.PL_CH_o_      lcd1602.o
    0x1ffffc34   0x000042f4   0x00000008   Data   RW           19    .data.PL_CH_s_      lcd1602.o
    0x1ffffc3c   0x000042fc   0x00000008   Data   RW           20    .data.PL_CH_z_      lcd1602.o
    0x1ffffc44   0x00004304   0x00000004   Data   RW          110    .data.SystemCoreClock  system_mkl05z4.o
    0x1ffffc48   0x00004308   0x00000001   Data   RW           22    .data.lcd_backlight  lcd1602.o
    0x1ffffc49   0x00004309   0x00000007   PAD
    0x1ffffc50        -       0x00000060   Zero   RW          310    .bss                c_p.l(libspace.o)
    0x1ffffcb0        -       0x00000001   Zero   RW           32    .bss.S1_press       main.o
    0x1ffffcb1        -       0x00000001   Zero   RW           33    .bss.S2_press       main.o
    0x1ffffcb2        -       0x00000001   Zero   RW           34    .bss.S3_press       main.o
    0x1ffffcb3        -       0x00000001   Zero   RW           35    .bss.S4_press       main.o
    0x1ffffcb4        -       0x00000800   Zero   RW           45    .bss.Sinus          main.o
    0x200004b4        -       0x00000001   Zero   RW           42    .bss.beepOn         main.o
    0x200004b5   0x00004309   0x00000003   PAD
    0x200004b8        -       0x00000004   Zero   RW           36    .bss.d              main.o
    0x200004bc        -       0x00000002   Zero   RW           47    .bss.dac            main.o
    0x200004be   0x00004309   0x00000002   PAD
    0x200004c0        -       0x00000004   Zero   RW           44    .bss.delay_count    main.o
    0x200004c4        -       0x00000004   Zero   RW           49    .bss.distance       main.o
    0x200004c8        -       0x00000001   Zero   RW            4    .bss.dummy          i2c.o
    0x200004c9        -       0x00000001   Zero   RW           85    .bss.end_flag       tsi.o
    0x200004ca        -       0x00000001   Zero   RW            3    .bss.error          i2c.o
    0x200004cb   0x00004309   0x00000001   PAD
    0x200004cc        -       0x00000002   Zero   RW           46    .bss.faza           main.o
    0x200004ce        -       0x00000004   Zero   RW           88    .bss.gu16Baseline   tsi.o
    0x200004d2        -       0x00000004   Zero   RW           86    .bss.gu16Delta      tsi.o
    0x200004d6        -       0x00000001   Zero   RW           40    .bss.inMenu         main.o
    0x200004d7   0x00004309   0x00000001   PAD
    0x200004d8        -       0x00000002   Zero   RW           48    .bss.mod            main.o
    0x200004da        -       0x00000001   Zero   RW           89    .bss.ongoing_elec   tsi.o
    0x200004db        -       0x00000001   Zero   RW           23    .bss.pcf_address    lcd1602.o
    0x200004dc        -       0x00000004   Zero   RW           53    .bss.tick           main.o
    0x200004e0        -       0x00000004   Zero   RW           52    .bss.tick_head      main.o
    0x200004e4        -       0x00000001   Zero   RW           41    .bss.tpm1InterruptFlag  main.o
    0x200004e5        -       0x00000001   Zero   RW           38    .bss.unit           main.o
    0x200004e6        -       0x00000001   Zero   RW           39    .bss.unitSelected   main.o
    0x200004e7   0x00004309   0x00000001   PAD
    0x200004e8        -       0x00000004   Zero   RW           37    .bss.wynik          main.o
    0x200004ec   0x00004309   0x00000004   PAD
    0x200004f0        -       0x00000000   Zero   RW           97    HEAP                startup_mkl05z4.o
    0x200004f0        -       0x00000300   Zero   RW           96    STACK               startup_mkl05z4.o


==============================================================================

Image component sizes


      Code (inc. data)   RO Data    RW Data    ZI Data      Debug   Object Name

       100         16          0          0          0       1963   dac.o
       936        108          0          0          2       4646   i2c.o
       184         24          0          0          0       3361   klaw.o
      1120        114          0         65          1       4916   lcd1602.o
      1708        404         32          4       2087       6797   main.o
        68         38        192          0        768        828   startup_mkl05z4.o
       260         48          0          4          0       2284   system_mkl05z4.o
       228         24          0          0          0       3385   tpm.o
       516         80          2          0         10       4586   tsi.o

    ----------------------------------------------------------------------
      5120        856        258         76       2884      32766   Object Totals
         0          0         32          0          0          0   (incl. Generated)
         0          0          0          3         16          0   (incl. Padding)

    ----------------------------------------------------------------------

      Code (inc. data)   RO Data    RW Data    ZI Data      Debug   Library Member Name

         8          0          0          0          0         68   __main.o
       284          0          0          0          0        136   __printf_wp.o
         0          0          0          0          0          0   __rtentry.o
        12          0          0          0          0          0   __rtentry2.o
         6          0          0          0          0          0   __rtentry4.o
        60          8          0          0          0          0   __scatter.o
        26          0          0          0          0          0   __scatter_copy.o
        28          0          0          0          0          0   __scatter_zi.o
        48          6          0          0          0         88   _printf_char_common.o
        10          0          0          0          0          0   _printf_f.o
      1044         12          0          0          0        116   _printf_fp_dec.o
       136         16          0          0          0         76   _printf_fp_infnan.o
        78          0          0          0          0        100   _printf_pad.o
         2          0          0          0          0          0   _printf_percent.o
         4          0          0          0          0          0   _printf_percent_end.o
        22          0          0          0          0         92   _rserrno.o
        10          0          0          0          0         60   _sputc.o
      1006          4          0          0          0        184   aeabi_sdivfast.o
       216          6        148          0          0         80   bigflt0.o
      1456         30          0          0          0        336   btod.o
        16          0          0          0          0         68   exit.o
         6          0          0          0          0        136   heapauxi.o
         0          0          0          0          0          0   indicate_semi.o
        44         10         28          0          0         76   lc_numeric_c.o
         2          0          0          0          0          0   libinit.o
        18          0          0          0          0          0   libinit2.o
         2          0          0          0          0          0   libshutdown.o
         2          0          0          0          0          0   libshutdown2.o
         8          4          0          0         96         68   libspace.o
       122          0          0          0          0         72   lludiv10.o
        40          4          0          0          0         84   noretval__2sprintf.o
         8          4          0          0          0         68   rt_errno_addr_intlibspace.o
         8          4          0          0          0         68   rt_locale_intlibspace.o
         2          0          0          0          0          0   rtexit.o
        10          0          0          0          0          0   rtexit2.o
        40          0          0          0          0         60   rtudiv10.o
       176          4          0          0          0         80   strcmpv6m.o
        12          4          0          0          0         60   sys_exit.o
        62          0          0          0          0         80   sys_stackheap_outer.o
         2          0          0          0          0         68   use_no_semi.o
        46          0          0          0          0         60   cmpret.o
       124          4          0          0          0         72   d2f.o
       856         20          0          0          0        208   daddsub.o
      1096         26        128          0          0        112   ddiv.o
       108         10          0          0          0         72   dfixi.o
        88          0          0          0          0         92   dflti.o
       584         26          0          0          0         84   dmul.o
        96         12          0          0          0         72   dscalbn.o
        84          4          0          0          0         60   f2d.o
        70          0          0          0          0        204   fcmp.o
       100          4          0          0          0         68   fcmpin.o
       352         10         64          0          0         92   fdiv.o
        84          4          0          0          0         76   feqf.o
        94          0          0          0          0         92   fflti.o
        84          4          0          0          0         76   flef.o
       176          4          0          0          0         80   fmul.o
        16          6          0          0          0         68   fnan2.o
        16          4          0          0          0         76   printf1.o
        94          0          0          0          0         68   retnan.o
         0          0          0          0          0          0   usenofp.o
       244         20         48          0          0         92   cos_i.o
        46          6          0          0          0        204   dunder.o
        44          4          0          0          0         60   fpclassify.o
       172          0          0          0          0         76   poly.o
       924         86        204          0          0        120   rred.o
       156         10          0          0          0        104   sin.o
       236         14         40          0          0        100   sin_i.o

    ----------------------------------------------------------------------
     11046        394        664          0         96       4812   Library Totals
        20          0          4          0          0          0   (incl. Padding)

    ----------------------------------------------------------------------

      Code (inc. data)   RO Data    RW Data    ZI Data      Debug   Library Name

      5036        116        176          0         96       2324   c_p.l
      4168        138        192          0          0       1732   fz_ps.l
      1822        140        292          0          0        756   m_ps.l

    ----------------------------------------------------------------------
     11046        394        664          0         96       4812   Library Totals

    ----------------------------------------------------------------------

==============================================================================


      Code (inc. data)   RO Data    RW Data    ZI Data      Debug   

     16166       1250        922         76       2980      35066   Grand Totals
     16166       1250        922         76       2980      35066   ELF Image Totals
     16166       1250        922         76          0          0   ROM Totals

==============================================================================

    Total RO  Size (Code + RO Data)                17088 (  16.69kB)
    Total RW  Size (RW Data + ZI Data)              3056 (   2.98kB)
    Total ROM Size (Code + RO Data + RW Data)      17164 (  16.76kB)

==============================================================================

